// Jest Snapshot v1, https://goo.gl/fbAQLP

exports[`Box component test suite Should render Box 1`] = `
.c0 .cursor-pointer {
  cursor: pointer;
}

<div
  class="c0"
>
   box 
</div>
`;
