// Jest Snapshot v1, https://goo.gl/fbAQLP

exports[`Tag component test suite Should render Tag 1`] = `undefined`;
