// Jest Snapshot v1, https://goo.gl/fbAQLP

exports[`Avatar component test suite Should render Avatar 1`] = `
.c0 {
  height: 48px;
  width: 48px;
  border-radius: 999px;
  display: -webkit-inline-box;
  display: -webkit-inline-flex;
  display: -ms-inline-flexbox;
  display: inline-flex;
  -webkit-box-pack: center;
  -webkit-justify-content: center;
  -ms-flex-pack: center;
  justify-content: center;
  -webkit-align-items: center;
  -webkit-box-align: center;
  -ms-flex-align: center;
  align-items: center;
}

.c0 > * {
  width: 100%;
  height: 100%;
  border-radius: 999px;
  display: -webkit-box;
  display: -webkit-flex;
  display: -ms-flexbox;
  display: flex;
  -webkit-box-pack: center;
  -webkit-justify-content: center;
  -ms-flex-pack: center;
  justify-content: center;
  -webkit-align-items: center;
  -webkit-box-align: center;
  -ms-flex-align: center;
  align-items: center;
}

<span
  class="c0"
>
  AD
</span>
`;
