// Jest Snapshot v1, https://goo.gl/fbAQLP

exports[`Button component test suite should render Button 1`] = `
.c0 {
  outline: none;
  display: -webkit-box;
  display: -webkit-flex;
  display: -ms-flexbox;
  display: flex;
  -webkit-box-pack: center;
  -webkit-justify-content: center;
  -ms-flex-pack: center;
  justify-content: center;
  -webkit-align-items: center;
  -webkit-box-align: center;
  -ms-flex-align: center;
  align-items: center;
  background: linear-gradient(180deg,#264966 0%,#12344D 100%);
  border: 1px solid #12344D;
  border-radius: 4px;
  box-shadow: inset 0px 1px 2px rgba(24,50,71,0.05);
  color: #FFFFFF;
  font-size: 14px;
  font-weight: 500;
  height: 32px;
  padding: 8px 12px;
  min-width: 80px;
}

.c0:disabled {
  opacity: 0.4;
}

.c0:focus {
  border: 2px solid #2C5CC5;
}

.c0:hover {
  background: #12344D;
  cursor: pointer;
}

<button
  class="c0"
>
  Button
</button>
`;
