// Jest Snapshot v1, https://goo.gl/fbAQLP

exports[`Modal component test suite should render Modal 1`] = `null`;
